2026-10-04T04:51:31.246Z watchdog-gha batch pass (accounts=4) cwd=/home/runner/work/anyscale-watchdog/anyscale-watchdog
2026-10-04T04:51:31.248Z state.json exists at start: false | GITHUB_REPOSITORY=moizsiddiq443-lang/anyscale-watchdog | GITHUB_REF_NAME=main
2026-10-04T04:51:31.965Z waitlist marie: undefined -> CLAIMED
2026-10-04T04:51:31.965Z status marie: waitlist=CLAIMED clouds=12 {"CREATING":11,"DELETING":1}
2026-10-04T04:51:32.214Z waitlist josh: undefined -> IN_WAITLIST
2026-10-04T04:51:32.214Z status josh: waitlist=IN_WAITLIST clouds=0 {}
2026-10-04T04:51:32.477Z waitlist ker: undefined -> IN_WAITLIST
2026-10-04T04:51:32.477Z status ker: waitlist=IN_WAITLIST clouds=0 {}
2026-10-04T04:51:32.744Z waitlist claz: undefined -> IN_WAITLIST
2026-10-04T04:51:32.744Z status claz: waitlist=IN_WAITLIST clouds=0 {}
2026-10-04T04:51:32.751Z git config user.email watchdog-bot@users.noreply.github.com -> rc=0 
2026-10-04T04:51:32.754Z git config user.name anyscale-watchdog-bot -> rc=0 
2026-10-04T10:47:32.619Z watchdog-gha batch pass (accounts=4) cwd=/home/runner/work/anyscale-watchdog/anyscale-watchdog
2026-10-04T10:47:32.621Z state.json exists at start: true | GITHUB_REPOSITORY=moizsiddiq443-lang/anyscale-watchdog | GITHUB_REF_NAME=main
2026-10-04T10:47:33.456Z status marie: waitlist=CLAIMED clouds=12 {"CREATING":11,"DELETING":1}
2026-10-04T10:47:33.894Z status josh: waitlist=IN_WAITLIST clouds=0 {}
2026-10-04T10:47:34.330Z status ker: waitlist=IN_WAITLIST clouds=0 {}
2026-10-04T10:47:34.735Z status claz: waitlist=IN_WAITLIST clouds=0 {}
2026-10-04T10:47:34.741Z git config user.email watchdog-bot@users.noreply.github.com -> rc=0 
2026-10-04T10:47:34.744Z git config user.name anyscale-watchdog-bot -> rc=0 
2026-10-04T15:32:07.984Z watchdog-gha batch pass (accounts=4) cwd=/home/runner/work/anyscale-watchdog/anyscale-watchdog
2026-10-04T15:32:07.986Z state.json exists at start: true | GITHUB_REPOSITORY=moizsiddiq443-lang/anyscale-watchdog | GITHUB_REF_NAME=main
2026-10-04T15:32:08.811Z status marie: waitlist=CLAIMED clouds=12 {"CREATING":11,"DELETING":1}
2026-10-04T15:32:09.179Z status josh: waitlist=IN_WAITLIST clouds=0 {}
2026-10-04T15:32:09.566Z status ker: waitlist=IN_WAITLIST clouds=0 {}
2026-10-04T15:32:09.954Z status claz: waitlist=IN_WAITLIST clouds=0 {}
2026-10-04T15:32:09.960Z git config user.email watchdog-bot@users.noreply.github.com -> rc=0 
2026-10-04T15:32:09.963Z git config user.name anyscale-watchdog-bot -> rc=0 
2026-10-04T18:47:24.867Z watchdog-gha batch pass (accounts=4) cwd=/home/runner/work/anyscale-watchdog/anyscale-watchdog
2026-10-04T18:47:24.869Z state.json exists at start: true | GITHUB_REPOSITORY=moizsiddiq443-lang/anyscale-watchdog | GITHUB_REF_NAME=main
2026-10-04T18:47:25.662Z status marie: waitlist=CLAIMED clouds=12 {"CREATING":11,"DELETING":1}
2026-10-04T18:47:26.062Z status josh: waitlist=IN_WAITLIST clouds=0 {}
2026-10-04T18:47:26.422Z status ker: waitlist=IN_WAITLIST clouds=0 {}
2026-10-04T18:47:26.821Z status claz: waitlist=IN_WAITLIST clouds=0 {}
2026-10-04T18:47:26.827Z git config user.email watchdog-bot@users.noreply.github.com -> rc=0 
2026-10-04T18:47:26.830Z git config user.name anyscale-watchdog-bot -> rc=0 
2026-10-04T22:00:07.060Z watchdog-gha batch pass (accounts=4) cwd=/home/runner/work/anyscale-watchdog/anyscale-watchdog
2026-10-04T22:00:07.062Z state.json exists at start: true | GITHUB_REPOSITORY=moizsiddiq443-lang/anyscale-watchdog | GITHUB_REF_NAME=main
2026-10-04T22:00:07.698Z status marie: waitlist=CLAIMED clouds=12 {"CREATING":11,"DELETING":1}
2026-10-04T22:00:07.990Z status josh: waitlist=IN_WAITLIST clouds=0 {}
2026-10-04T22:00:08.294Z status ker: waitlist=IN_WAITLIST clouds=0 {}
2026-10-04T22:00:08.621Z status claz: waitlist=IN_WAITLIST clouds=0 {}
2026-10-04T22:00:08.627Z git config user.email watchdog-bot@users.noreply.github.com -> rc=0 
2026-10-04T22:00:08.631Z git config user.name anyscale-watchdog-bot -> rc=0 
2026-10-05T00:48:28.135Z watchdog-gha batch pass (accounts=4) cwd=/home/runner/work/anyscale-watchdog/anyscale-watchdog
2026-10-05T00:48:28.136Z state.json exists at start: true | GITHUB_REPOSITORY=moizsiddiq443-lang/anyscale-watchdog | GITHUB_REF_NAME=main
2026-10-05T00:48:28.986Z status marie: waitlist=CLAIMED clouds=12 {"CREATING":11,"DELETING":1}
2026-10-05T00:48:29.251Z status josh: waitlist=IN_WAITLIST clouds=0 {}
2026-10-05T00:48:29.517Z status ker: waitlist=IN_WAITLIST clouds=0 {}
2026-10-05T00:48:29.795Z status claz: waitlist=IN_WAITLIST clouds=0 {}
2026-10-05T00:48:29.804Z git config user.email watchdog-bot@users.noreply.github.com -> rc=0 
2026-10-05T00:48:29.912Z git config user.name anyscale-watchdog-bot -> rc=0 
